2026-09-30 12:31:25,607 INFO    vsr: SAM 3 preloaded and held resident: image, video
2026-09-30 12:38:16,115 INFO    vsr: SAM 3 preloaded and held resident: image, video
2026-09-30 12:38:54,454 INFO    vsr: SAM 3 preloaded and held resident: image, video
2026-09-30 12:44:23,248 INFO    vsr: SAM 3 preloaded and held resident: image, video
2026-09-30 12:44:59,577 INFO    vsr: SAM 3 preloaded and held resident: image, video
2026-09-30 12:46:49,216 INFO    vsr: SAM 3 preloaded and held resident: image, video
2026-09-30 12:47:26,353 INFO    vsr: SAM 3 preloaded and held resident: image, video
2026-09-30 12:48:03,538 INFO    vsr: SAM 3 preloaded and held resident: image, video
2026-09-30 12:48:40,492 INFO    vsr: SAM 3 preloaded and held resident: image, video
2026-09-30 12:49:17,311 INFO    vsr: SAM 3 preloaded and held resident: image, video
2026-09-30 13:02:07,000 INFO    vsr: SAM 3 preloaded and held resident: image, video
2026-09-30 13:02:49,436 INFO    vsr: SAM 3 preloaded and held resident: image, video
2026-09-30 13:05:32,136 INFO    vsr: SAM 3 preloaded and held resident: image, video
2026-09-30 13:06:09,059 INFO    vsr: SAM 3 preloaded and held resident: image, video
2026-09-30 13:06:45,121 INFO    vsr: SAM 3 preloaded and held resident: image, video
2026-09-30 13:07:21,419 INFO    vsr: SAM 3 preloaded and held resident: image, video
2026-09-30 13:12:23,793 INFO    vsr: SAM 3 preloaded and held resident: image, video
2026-09-30 13:12:59,513 INFO    vsr: SAM 3 preloaded and held resident: image, video
2026-09-30 13:13:03,840 ERROR   vsr: Unhandled TypeError while serving POST /api/sam3/segment
Traceback (most recent call last):
  File "C:\Users\WYK\anaconda3\envs\video-segmenter\Lib\site-packages\starlette\middleware\errors.py", line 164, in __call__
    await self.app(scope, receive, _send)
  File "C:\Users\WYK\anaconda3\envs\video-segmenter\Lib\site-packages\starlette\middleware\cors.py", line 91, in __call__
    await self.simple_response(scope, receive, send, request_headers=headers)
  File "C:\Users\WYK\anaconda3\envs\video-segmenter\Lib\site-packages\starlette\middleware\cors.py", line 149, in simple_response
    await self.app(scope, receive, send)
  File "C:\Users\WYK\anaconda3\envs\video-segmenter\Lib\site-packages\starlette\middleware\exceptions.py", line 63, in __call__
    await wrap_app_handling_exceptions(self.app, conn)(scope, receive, send)
  File "C:\Users\WYK\anaconda3\envs\video-segmenter\Lib\site-packages\starlette\_exception_handler.py", line 53, in wrapped_app
    raise exc
  File "C:\Users\WYK\anaconda3\envs\video-segmenter\Lib\site-packages\starlette\_exception_handler.py", line 42, in wrapped_app
    await app(scope, receive, sender)
  File "C:\Users\WYK\anaconda3\envs\video-segmenter\Lib\site-packages\fastapi\middleware\asyncexitstack.py", line 18, in __call__
    await self.app(scope, receive, send)
  File "C:\Users\WYK\anaconda3\envs\video-segmenter\Lib\site-packages\starlette\routing.py", line 676, in __call__
    await self.middleware_stack(scope, receive, send)
  File "C:\Users\WYK\anaconda3\envs\video-segmenter\Lib\site-packages\fastapi\routing.py", line 2734, in app
    await route.handle(scope, receive, send)
  File "C:\Users\WYK\anaconda3\envs\video-segmenter\Lib\site-packages\fastapi\routing.py", line 1780, in handle
    await self.original_router.handle(scope, receive, send)
  File "C:\Users\WYK\anaconda3\envs\video-segmenter\Lib\site-packages\fastapi\routing.py", line 2789, in handle
    await included_router._handle_selected(scope, receive, send)
  File "C:\Users\WYK\anaconda3\envs\video-segmenter\Lib\site-packages\fastapi\routing.py", line 1800, in _handle_selected
    await original_route.handle(scope, receive, send)
  File "C:\Users\WYK\anaconda3\envs\video-segmenter\Lib\site-packages\fastapi\routing.py", line 1279, in handle
    await app(scope, receive, send)
  File "C:\Users\WYK\anaconda3\envs\video-segmenter\Lib\site-packages\fastapi\routing.py", line 158, in app
    await wrap_app_handling_exceptions(app, request)(scope, receive, send)
  File "C:\Users\WYK\anaconda3\envs\video-segmenter\Lib\site-packages\starlette\_exception_handler.py", line 53, in wrapped_app
    raise exc
  File "C:\Users\WYK\anaconda3\envs\video-segmenter\Lib\site-packages\starlette\_exception_handler.py", line 42, in wrapped_app
    await app(scope, receive, sender)
  File "C:\Users\WYK\anaconda3\envs\video-segmenter\Lib\site-packages\fastapi\routing.py", line 144, in app
    response = await f(request)
               ^^^^^^^^^^^^^^^^
  File "C:\Users\WYK\anaconda3\envs\video-segmenter\Lib\site-packages\fastapi\routing.py", line 706, in app
    raw_response = await run_endpoint_function(
                   ^^^^^^^^^^^^^^^^^^^^^^^^^^^^
    ...<3 lines>...
    )
    ^
  File "C:\Users\WYK\anaconda3\envs\video-segmenter\Lib\site-packages\fastapi\routing.py", line 354, in run_endpoint_function
    return await run_in_threadpool(dependant.call, **values)
           ^^^^^^^^^^^^^^^^^^^^^^^^^^^^^^^^^^^^^^^^^^^^^^^^^
  File "C:\Users\WYK\anaconda3\envs\video-segmenter\Lib\site-packages\starlette\concurrency.py", line 34, in run_in_threadpool
    return await anyio.to_thread.run_sync(func)
           ^^^^^^^^^^^^^^^^^^^^^^^^^^^^^^^^^^^^
  File "C:\Users\WYK\anaconda3\envs\video-segmenter\Lib\site-packages\anyio\to_thread.py", line 65, in run_sync
    return await get_async_backend().run_sync_in_worker_thread(
           ^^^^^^^^^^^^^^^^^^^^^^^^^^^^^^^^^^^^^^^^^^^^^^^^^^^^
        func, args, abandon_on_cancel=abandon_on_cancel, limiter=limiter
        ^^^^^^^^^^^^^^^^^^^^^^^^^^^^^^^^^^^^^^^^^^^^^^^^^^^^^^^^^^^^^^^^
    )
    ^
  File "C:\Users\WYK\anaconda3\envs\video-segmenter\Lib\site-packages\anyio\_backends\_asyncio.py", line 2706, in run_sync_in_worker_thread
    return await future
           ^^^^^^^^^^^^
  File "C:\Users\WYK\anaconda3\envs\video-segmenter\Lib\site-packages\anyio\_backends\_asyncio.py", line 1100, in run
    result = context.run(func, *args)
  File "C:\Users\WYK\Documents\HKUST\MPhil\Research\VideoSegmenter\backend\src\api\routes\sam3.py", line 88, in sam3_segment
    result = service.segment(session, request.frame_index, prompt)
  File "C:\Users\WYK\Documents\HKUST\MPhil\Research\VideoSegmenter\backend\src\inference\sam3_image.py", line 150, in segment
    result = self._text_prompt(processor, base, prompt)
  File "C:\Users\WYK\Documents\HKUST\MPhil\Research\VideoSegmenter\backend\src\inference\sam3_image.py", line 220, in _text_prompt
    instances = _instances_from_batch(masks, scores, base.height, base.width)
  File "C:\Users\WYK\Documents\HKUST\MPhil\Research\VideoSegmenter\backend\src\inference\sam3_image.py", line 322, in _instances_from_batch
    array = np.asarray(masks)
  File "C:\Users\WYK\anaconda3\envs\video-segmenter\Lib\site-packages\torch\_tensor.py", line 1255, in __array__
    return self.numpy()
           ~~~~~~~~~~^^
TypeError: can't convert cuda:0 device type tensor to numpy. Use Tensor.cpu() to copy the tensor to host memory first.
2026-09-30 13:14:35,286 INFO    vsr: SAM 3 preloaded and held resident: image, video
2026-09-30 13:16:32,575 INFO    vsr: SAM 3 preloaded and held resident: image, video
2026-09-30 13:18:13,331 INFO    vsr: SAM 3 preloaded and held resident: image, video
2026-09-30 13:20:55,952 INFO    vsr: SAM 3 preloaded and held resident: image, video
2026-09-30 13:26:10,756 INFO    vsr: SAM 3 preloaded and held resident: image, video
2026-09-30 13:27:26,132 INFO    vsr: SAM 3 preloaded and held resident: image, video
2026-09-30 13:31:11,528 INFO    vsr: SAM 3 preloaded and held resident: image, video
2026-09-30 13:31:53,189 INFO    vsr: SAM 3 preloaded and held resident: image, video
2026-09-30 13:32:36,508 INFO    vsr: SAM 3 preloaded and held resident: image, video
2026-09-30 13:33:22,323 INFO    vsr: SAM 3 preloaded and held resident: image, video
2026-09-30 13:34:03,233 INFO    vsr: SAM 3 preloaded and held resident: image, video
2026-09-30 13:37:30,786 INFO    vsr: SAM 3 preloaded and held resident: image, video
2026-09-30 13:47:06,259 INFO    vsr: SAM 3 preloaded and held resident: image, video
2026-09-30 13:54:25,086 INFO    vsr: SAM 3 preloaded and held resident: image, video
2026-09-30 15:05:29,981 INFO    vsr: SAM 3 preloaded and held resident: image, video
2026-09-30 15:12:32,771 INFO    vsr: SAM 3 preloaded and held resident: image, video
2026-09-30 15:13:12,991 INFO    vsr: SAM 3 preloaded and held resident: image, video
2026-09-30 15:13:50,273 INFO    vsr: SAM 3 preloaded and held resident: image, video
2026-09-30 15:14:25,738 INFO    vsr: SAM 3 preloaded and held resident: image, video
2026-10-01 00:48:07,456 WARNING vsr: ffmpeg and ffprobe not found on PATH, so a project that needs its frames extracted cannot be opened. Install ffmpeg, or set VSR_FFMPEG_BIN / VSR_FFPROBE_BIN to the binary's absolute path and restart the service.
2026-10-01 00:48:13,875 WARNING vsr: SAM 3 could not be preloaded: ModuleNotFoundError: No module named 'pkg_resources'
2026-10-01 00:51:13,339 WARNING vsr: Unavailable: ffmpeg is not installed or not on PATH ('ffmpeg'). Install it, or point VSR_FFMPEG_BIN / VSR_FFPROBE_BIN at the binary.
2026-10-01 00:51:29,779 WARNING vsr: Unavailable: ffmpeg is not installed or not on PATH ('ffmpeg'). Install it, or point VSR_FFMPEG_BIN / VSR_FFPROBE_BIN at the binary.
2026-10-01 00:59:01,147 WARNING vsr: SAM 3 could not be preloaded: ModuleNotFoundError: No module named 'pkg_resources'
2026-10-01 01:00:27,920 WARNING vsr: SAM 3 could not be preloaded: ModuleNotFoundError: No module named 'einops'
2026-10-01 01:01:29,454 WARNING vsr: SAM 3 could not be preloaded: ModuleNotFoundError: No module named 'triton'
2026-10-01 01:02:40,748 WARNING vsr: SAM 3 could not be preloaded: ModuleNotFoundError: No module named 'psutil'
2026-10-01 01:04:20,998 INFO    vsr: SAM 3 preloaded and held resident: image, video
2026-10-01 01:28:01,853 INFO    vsr: SAM 3 preloaded and held resident: image, video
